2024-11-14 18:16:55,494 - library.logger - INFO - Starting: run
2024-11-14 18:17:10,023 - library.logger - INFO - Starting: execute_lab8
2024-11-14 18:17:15,561 - library.logger - INFO - Completed: execute_lab8
2024-11-14 18:17:19,473 - library.logger - INFO - Completed: run
2024-11-15 19:24:02,738 - library.logger - INFO - Starting: run
2024-11-15 19:27:22,778 - library.logger - INFO - Completed: run
2024-11-15 20:52:48,138 - library.logger - INFO - Starting: run
2024-11-15 20:53:08,999 - library.logger - INFO - Starting: execute_lab1
2024-11-15 20:53:23,241 - library.logger - INFO - Completed: execute_lab1
2024-11-15 20:53:29,982 - library.logger - INFO - Starting: execute_lab6
2024-11-15 20:53:30,021 - library.logger - INFO - Completed: execute_lab6
2024-11-15 20:53:40,346 - library.logger - INFO - Starting: execute_lab5
2024-11-15 20:54:08,450 - library.logger - INFO - Completed: execute_lab5
2024-11-15 20:54:11,004 - library.logger - INFO - Starting: execute_lab8
2024-11-15 20:54:16,667 - library.logger - INFO - Completed: execute_lab8
2024-11-15 20:54:25,929 - library.logger - INFO - Completed: run
2024-11-16 11:06:06,728 - library.logger - INFO - Starting: run
2024-11-16 11:06:17,734 - library.logger - INFO - Starting: execute_lab7
2024-11-16 11:06:17,750 - library.logger - ERROR - Error in execute_lab7: No module named 'service_factory_LAB7'
2024-11-16 11:06:34,121 - library.logger - INFO - Completed: run
2024-11-16 11:06:53,461 - library.logger - INFO - Starting: run
2024-11-16 11:06:59,403 - library.logger - INFO - Starting: execute_lab1
2024-11-16 11:07:13,875 - library.logger - INFO - Completed: execute_lab1
2024-11-16 11:07:16,965 - library.logger - INFO - Starting: execute_lab3
2024-11-16 11:07:48,157 - library.logger - INFO - Completed: execute_lab3
2024-11-16 11:07:52,669 - library.logger - INFO - Starting: execute_lab5
2024-11-16 11:08:10,970 - library.logger - INFO - Completed: execute_lab5
2024-11-16 11:08:14,984 - library.logger - INFO - Starting: execute_lab6
2024-11-16 11:08:15,038 - library.logger - INFO - Completed: execute_lab6
2024-11-16 11:08:23,765 - library.logger - INFO - Starting: execute_lab7
2024-11-16 11:08:23,772 - library.logger - ERROR - Error in execute_lab7: No module named 'service_factory_LAB7'
2024-11-16 11:08:26,934 - library.logger - INFO - Starting: execute_lab8
2024-11-16 11:08:33,732 - library.logger - INFO - Completed: execute_lab8
2024-11-16 11:08:44,876 - library.logger - INFO - Starting: execute_lab2
2024-11-16 11:09:13,348 - library.logger - INFO - Completed: run
2024-11-16 11:14:09,522 - library.logger - INFO - Starting: run
2024-11-16 11:14:18,495 - library.logger - INFO - Starting: execute_lab7
2024-11-16 11:14:18,501 - library.logger - ERROR - Error in execute_lab7: No module named 'service_factory_LAB7'
2024-11-16 11:47:08,194 - library.logger - INFO - Completed: run
